C 
CA 
CB 
N 
O 

In model 1, Residue (A ALA 105) is not connected.
C 
CA 
CB 
CD1 
CG1 
CG2 
N 
O 

In model 1, Residue (A ILE 106) is not connected.
C 
CA 
CB 
N 
O 

In model 1, Residue (A ALA 107) is not connected.
C 
CA 
CB 
CD 
CG 
N 
NE2 
O 
OE1 

In model 1, Residue (A GLN 108) is not connected.
C 
CA 
CB 
CG 
N 
O 
OD1 
OD2 

In model 1, Residue (A ASP 109) is not connected.
C 
CA 
CB 
CD 
CG 
N 
O 

In model 1, Residue (A PRO 110) is not connected.
C 
CA 
N 
O 

In model 1, Residue (A GLY 111) is not connected.
C 
CA 
CB 
CD 
CG 
N 
O 

In model 1, Residue (A PRO 111) is not connected.
C 
CA 
CB 
CD1 
CD2 
CE1 
CE2 
CG 
CZ 
N 
O 
OH 

In model 1, Residue (A TYR 112) is not connected.
C 
CA 
CB 
N 
O 

In model 1, Residue (A ALA 112) is not connected.
C 
CA 
CB 
N 
O 
OG 

In model 1, Residue (A SER 112) is not connected.
C 
CA 
CB 
CD 
CG 
N 
O 
OE1 
OE2 

In model 1, Residue (A GLU 113) is not connected.
C 
CA 
CB 
N 
O 

In model 1, Residue (A ALA 114) is not connected.
C 
CA 
CB 
CD 
CG 
CZ 
N 
NE 
NH1 
NH2 
O 

In model 1, Residue (A ARG 115) is not connected.
C 
CA 
CB 
CD1 
CD2 
CE1 
CE2 
CG 
CZ 
N 
O 

In model 1, Residue (A PHE 116) is not connected.
C 
CA 
CB 
CD1 
CD2 
CE1 
CE2 
CG 
CZ 
N 
O 

In model 1, Residue (B PHE 105) is not connected.
C 
CA 
CB 
N 
O 

In model 1, Residue (B ALA 106) is not connected.
C 
CA 
CB 
CG2 
N 
O 
OG1 

In model 1, Residue (B THR 107) is not connected.
C 
CA 
CB 
N 
O 

In model 1, Residue (B ALA 108) is not connected.
C 
CA 
CB 
N 
O 
OG 

In model 1, Residue (B SER 109) is not connected.
C 
CA 
CB 
CD 
CG 
CZ 
N 
NE 
NH1 
NH2 
O 

In model 1, Residue (B ARG 110) is not connected.
C 
CA 
N 
O 

In model 1, Residue (B GLY 111) is not connected.
C 
CA 
CB 
CD 
CE 
CG 
N 
NZ 
O 

In model 1, Residue (B LYS 111) is not connected.
C 
CA 
CB 
N 
O 
OG 

In model 1, Residue (B SER 112) is not connected.
C 
CA 
CB 
CD 
CG 
N 
O 

In model 1, Residue (B PRO 112) is not connected.
C 
CA 
CB 
CG 
N 
O 
OD1 
OD2 

In model 1, Residue (B ASP 113) is not connected.
C 
CA 
CB 
CD 
CG 
N 
NE2 
O 
OE1 

In model 1, Residue (B GLN 114) is not connected.
C 
CA 
CB 
CD1 
CD2 
CE1 
CE2 
CG 
CZ 
N 
O 

In model 1, Residue (B PHE 115) is not connected.
C 
CA 
CB 
CD1 
CD2 
CE1 
CE2 
CG 
CZ 
N 
O 
OH 

In model 1, Residue (B TYR 116) is not connected.
Finished!
